// Jest Snapshot v1, https://goo.gl/fbAQLP

exports[`snapshot PaginaEditaGasto 1`] = `
<div>
  <GastosForm
    gasto={
      Object {
        "date": 345600000,
        "descripcion": "tarjeta credito",
        "id": "3",
        "monto": 4500,
        "nota": "",
      }
    }
    onSubmit={[Function]}
  />
  <button
    onClick={[Function]}
  >
     X 
  </button>
</div>
`;
